###############################################################################
#
# IAR ELF Linker V7.30.1.7746/W32 for ARM                 13/Oct/2017  16:22:38
# Copyright 2007-2014 IAR Systems AB.
#
#    Output file  =  
#        C:\Users\123\Desktop\GOVORILKA_NEW\GOVORILKA_NEW\EWARM\GOVORILKA_NEW\Exe\GOVORILKA_NEW.out
#    Map file     =  
#        C:\Users\123\Desktop\GOVORILKA_NEW\GOVORILKA_NEW\EWARM\GOVORILKA_NEW/List\GOVORILKA_NEW.map
#    Command line =  
#        C:\Users\123\Desktop\GOVORILKA_NEW\GOVORILKA_NEW\EWARM\GOVORILKA_NEW\Obj\App.o
#        C:\Users\123\Desktop\GOVORILKA_NEW\GOVORILKA_NEW\EWARM\GOVORILKA_NEW\Obj\c1101.o
#        C:\Users\123\Desktop\GOVORILKA_NEW\GOVORILKA_NEW\EWARM\GOVORILKA_NEW\Obj\Delay.o
#        C:\Users\123\Desktop\GOVORILKA_NEW\GOVORILKA_NEW\EWARM\GOVORILKA_NEW\Obj\fatfs_diskio_sdcard_spi.o
#        C:\Users\123\Desktop\GOVORILKA_NEW\GOVORILKA_NEW\EWARM\GOVORILKA_NEW\Obj\ff.o
#        C:\Users\123\Desktop\GOVORILKA_NEW\GOVORILKA_NEW\EWARM\GOVORILKA_NEW\Obj\func.o
#        C:\Users\123\Desktop\GOVORILKA_NEW\GOVORILKA_NEW\EWARM\GOVORILKA_NEW\Obj\main.o
#        C:\Users\123\Desktop\GOVORILKA_NEW\GOVORILKA_NEW\EWARM\GOVORILKA_NEW\Obj\startup_stm32f100xb.o
#        C:\Users\123\Desktop\GOVORILKA_NEW\GOVORILKA_NEW\EWARM\GOVORILKA_NEW\Obj\stm32f1xx_hal.o
#        C:\Users\123\Desktop\GOVORILKA_NEW\GOVORILKA_NEW\EWARM\GOVORILKA_NEW\Obj\stm32f1xx_hal_adc.o
#        C:\Users\123\Desktop\GOVORILKA_NEW\GOVORILKA_NEW\EWARM\GOVORILKA_NEW\Obj\stm32f1xx_hal_adc_ex.o
#        C:\Users\123\Desktop\GOVORILKA_NEW\GOVORILKA_NEW\EWARM\GOVORILKA_NEW\Obj\stm32f1xx_hal_cortex.o
#        C:\Users\123\Desktop\GOVORILKA_NEW\GOVORILKA_NEW\EWARM\GOVORILKA_NEW\Obj\stm32f1xx_hal_dac.o
#        C:\Users\123\Desktop\GOVORILKA_NEW\GOVORILKA_NEW\EWARM\GOVORILKA_NEW\Obj\stm32f1xx_hal_dac_ex.o
#        C:\Users\123\Desktop\GOVORILKA_NEW\GOVORILKA_NEW\EWARM\GOVORILKA_NEW\Obj\stm32f1xx_hal_dma.o
#        C:\Users\123\Desktop\GOVORILKA_NEW\GOVORILKA_NEW\EWARM\GOVORILKA_NEW\Obj\stm32f1xx_hal_flash.o
#        C:\Users\123\Desktop\GOVORILKA_NEW\GOVORILKA_NEW\EWARM\GOVORILKA_NEW\Obj\stm32f1xx_hal_flash_ex.o
#        C:\Users\123\Desktop\GOVORILKA_NEW\GOVORILKA_NEW\EWARM\GOVORILKA_NEW\Obj\stm32f1xx_hal_gpio.o
#        C:\Users\123\Desktop\GOVORILKA_NEW\GOVORILKA_NEW\EWARM\GOVORILKA_NEW\Obj\stm32f1xx_hal_gpio_ex.o
#        C:\Users\123\Desktop\GOVORILKA_NEW\GOVORILKA_NEW\EWARM\GOVORILKA_NEW\Obj\stm32f1xx_hal_msp.o
#        C:\Users\123\Desktop\GOVORILKA_NEW\GOVORILKA_NEW\EWARM\GOVORILKA_NEW\Obj\stm32f1xx_hal_pwr.o
#        C:\Users\123\Desktop\GOVORILKA_NEW\GOVORILKA_NEW\EWARM\GOVORILKA_NEW\Obj\stm32f1xx_hal_rcc.o
#        C:\Users\123\Desktop\GOVORILKA_NEW\GOVORILKA_NEW\EWARM\GOVORILKA_NEW\Obj\stm32f1xx_hal_rcc_ex.o
#        C:\Users\123\Desktop\GOVORILKA_NEW\GOVORILKA_NEW\EWARM\GOVORILKA_NEW\Obj\stm32f1xx_hal_spi.o
#        C:\Users\123\Desktop\GOVORILKA_NEW\GOVORILKA_NEW\EWARM\GOVORILKA_NEW\Obj\stm32f1xx_hal_spi_ex.o
#        C:\Users\123\Desktop\GOVORILKA_NEW\GOVORILKA_NEW\EWARM\GOVORILKA_NEW\Obj\stm32f1xx_hal_tim.o
#        C:\Users\123\Desktop\GOVORILKA_NEW\GOVORILKA_NEW\EWARM\GOVORILKA_NEW\Obj\stm32f1xx_hal_tim_ex.o
#        C:\Users\123\Desktop\GOVORILKA_NEW\GOVORILKA_NEW\EWARM\GOVORILKA_NEW\Obj\stm32f1xx_it.o
#        C:\Users\123\Desktop\GOVORILKA_NEW\GOVORILKA_NEW\EWARM\GOVORILKA_NEW\Obj\system_stm32f1xx.o
#        C:\Users\123\Desktop\GOVORILKA_NEW\GOVORILKA_NEW\EWARM\GOVORILKA_NEW\Obj\write.o
#        --redirect _Printf=_PrintfFull --redirect _Scanf=_ScanfFull -o
#        C:\Users\123\Desktop\GOVORILKA_NEW\GOVORILKA_NEW\EWARM\GOVORILKA_NEW\Exe\GOVORILKA_NEW.out
#        --map
#        C:\Users\123\Desktop\GOVORILKA_NEW\GOVORILKA_NEW\EWARM\GOVORILKA_NEW/List\GOVORILKA_NEW.map
#        --config
#        C:\Users\123\Desktop\GOVORILKA_NEW\GOVORILKA_NEW\EWARM/stm32f100xb_flash.icf
#        --semihosting --entry __iar_program_start --vfe
#
###############################################################################

*******************************************************************************
*** RUNTIME MODEL ATTRIBUTES
***

CppFlavor                     = *
__Heap_Handler                = Basic
__SystemLibrary               = DLib
__dlib_dynamic_initialization = normal


*******************************************************************************
*** PLACEMENT SUMMARY
***

"A1":  place at 0x08000000 { ro section .intvec };
"P1":  place in [from 0x08000000 to 0x0801ffff] { ro };
"P2":  place in [from 0x20000000 to 0x20001fff] { rw, block CSTACK, block HEAP };

  Section            Kind        Address    Size  Object
  -------            ----        -------    ----  ------
"A1":                                      0x120
  .intvec            ro code  0x08000000   0x120  startup_stm32f100xb.o [1]
                            - 0x08000120   0x120

"P1":                                     0x4668
  .text              ro code  0x08000120  0x1536  ff.o [1]
  .text              ro code  0x08001656    0x2e  copy_init3.o [5]
  .text              ro code  0x08001684   0xb4a  fatfs_diskio_sdcard_spi.o [1]
  .text              ro code  0x080021ce    0x22  zero_init3.o [5]
  .text              ro code  0x080021f0   0x310  stm32f1xx_hal_gpio.o [1]
  .text              ro code  0x08002500   0x660  stm32f1xx_hal_rcc.o [1]
  .text              ro code  0x08002b60    0x74  stm32f1xx_hal.o [1]
  .text              ro code  0x08002bd4    0x56  ABImemcpy_unaligned.o [5]
  .text              ro code  0x08002c2c   0x166  stm32f1xx_hal_cortex.o [1]
  .text              ro code  0x08002d94   0x2ac  stm32f1xx_hal_msp.o [1]
  .text              ro code  0x08003040   0x300  stm32f1xx_hal_dma.o [1]
  .text              ro code  0x08003340   0x4d6  main.o [1]
  .text              ro code  0x08003818   0x16c  App.o [1]
  .text              ro code  0x08003984   0x10c  stm32f1xx_hal_rcc_ex.o [1]
  .text              ro code  0x08003a90   0x2f4  stm32f1xx_hal_adc.o [1]
  .text              ro code  0x08003d84    0xc2  stm32f1xx_hal_dac.o [1]
  .text              ro code  0x08003e46    0x7e  stm32f1xx_hal_spi_ex.o [1]
  .text              ro code  0x08003ec4   0x314  stm32f1xx_hal_tim.o [1]
  .text              ro code  0x080041d8    0x60  stm32f1xx_hal_tim_ex.o [1]
  .text              ro code  0x08004238   0x23e  stm32f1xx_hal_dac_ex.o [1]
  .text              ro code  0x08004478    0x84  stm32f1xx_it.o [1]
  .text              ro code  0x080044fc    0x70  system_stm32f1xx.o [1]
  .rodata            const    0x0800456c    0x4c  stm32f1xx_hal_msp.o [1]
  .rodata            const    0x080045b8    0x3c  main.o [1]
  .text              ro code  0x080045f4    0x28  data_init.o [5]
  .iar.init_table    const    0x0800461c    0x24  - Linker created -
  .text              ro code  0x08004640    0x1a  cmain.o [5]
  .text              ro code  0x0800465a     0x4  low_level_init.o [3]
  .text              ro code  0x0800465e     0x4  exit.o [3]
  .text              ro code  0x08004664     0xa  cexit.o [5]
  .text              ro code  0x08004670    0x14  exit.o [6]
  .rodata            const    0x08004684    0x10  ff.o [1]
  .rodata            const    0x08004694    0x10  stm32f1xx_hal_rcc.o [1]
  .rodata            const    0x080046a4    0x10  stm32f1xx_hal_rcc.o [1]
  .rodata            const    0x080046b4    0x10  system_stm32f1xx.o [1]
  .text              ro code  0x080046c4    0x10  startup_stm32f100xb.o [1]
  .text              ro code  0x080046d4     0xc  cstartup_M.o [5]
  .rodata            const    0x080046e0     0x8  App.o [1]
  .text              ro code  0x080046e8     0x4  startup_stm32f100xb.o [1]
  .text              ro code  0x080046ec     0x4  startup_stm32f100xb.o [1]
  .text              ro code  0x080046f0     0x4  startup_stm32f100xb.o [1]
  .text              ro code  0x080046f4     0x4  startup_stm32f100xb.o [1]
  .text              ro code  0x080046f8     0x4  startup_stm32f100xb.o [1]
  .text              ro code  0x080046fc     0x4  startup_stm32f100xb.o [1]
  .text              ro code  0x08004700     0x4  startup_stm32f100xb.o [1]
  .text              ro code  0x08004704     0x4  startup_stm32f100xb.o [1]
  .text              ro code  0x08004708     0x4  startup_stm32f100xb.o [1]
  .text              ro code  0x0800470c     0x4  startup_stm32f100xb.o [1]
  .text              ro code  0x08004710     0x4  startup_stm32f100xb.o [1]
  .text              ro code  0x08004714     0x4  startup_stm32f100xb.o [1]
  .text              ro code  0x08004718     0x4  startup_stm32f100xb.o [1]
  .text              ro code  0x0800471c     0x4  startup_stm32f100xb.o [1]
  .text              ro code  0x08004720     0x4  startup_stm32f100xb.o [1]
  .text              ro code  0x08004724     0x4  startup_stm32f100xb.o [1]
  .text              ro code  0x08004728     0x4  startup_stm32f100xb.o [1]
  .text              ro code  0x0800472c     0x4  startup_stm32f100xb.o [1]
  .text              ro code  0x08004730     0x4  startup_stm32f100xb.o [1]
  .text              ro code  0x08004734     0x4  startup_stm32f100xb.o [1]
  .text              ro code  0x08004738     0x4  startup_stm32f100xb.o [1]
  .text              ro code  0x0800473c     0x4  startup_stm32f100xb.o [1]
  .text              ro code  0x08004740     0x4  startup_stm32f100xb.o [1]
  .text              ro code  0x08004744     0x4  startup_stm32f100xb.o [1]
  .text              ro code  0x08004748     0x4  startup_stm32f100xb.o [1]
  .text              ro code  0x0800474c     0x4  startup_stm32f100xb.o [1]
  .text              ro code  0x08004750     0x4  startup_stm32f100xb.o [1]
  .text              ro code  0x08004754     0x4  startup_stm32f100xb.o [1]
  .text              ro code  0x08004758     0x4  startup_stm32f100xb.o [1]
  .text              ro code  0x0800475c     0x4  startup_stm32f100xb.o [1]
  .text              ro code  0x08004760     0x4  startup_stm32f100xb.o [1]
  .text              ro code  0x08004764     0x4  startup_stm32f100xb.o [1]
  .text              ro code  0x08004768     0x4  startup_stm32f100xb.o [1]
  .text              ro code  0x0800476c     0x4  startup_stm32f100xb.o [1]
  .text              ro code  0x08004770     0x4  startup_stm32f100xb.o [1]
  .text              ro code  0x08004774     0x4  startup_stm32f100xb.o [1]
  .text              ro code  0x08004778     0x4  startup_stm32f100xb.o [1]
  .text              ro code  0x0800477c     0x4  startup_stm32f100xb.o [1]
  .text              ro code  0x08004780     0x4  startup_stm32f100xb.o [1]
  .rodata            const    0x08004784     0x0  zero_init3.o [5]
  .rodata            const    0x08004784     0x0  copy_init3.o [5]
  Initializer bytes  ro data  0x08004784     0x4  <for P2 s0>
                            - 0x08004788  0x4668

"P2":                                     0x1238
  P2 s0                       0x20000000     0x4  <Init block>
    .data            inited   0x20000000     0x4  system_stm32f1xx.o [1]
  .bss               zero     0x20000004   0x400  App.o [1]
  .bss               zero     0x20000404   0x400  App.o [1]
  .bss               zero     0x20000804   0x230  App.o [1]
  .bss               zero     0x20000a34   0x224  App.o [1]
  .bss               zero     0x20000c58    0x58  main.o [1]
  .bss               zero     0x20000cb0    0x58  main.o [1]
  .bss               zero     0x20000d08    0x44  main.o [1]
  .bss               zero     0x20000d4c    0x40  main.o [1]
  .bss               zero     0x20000d8c    0x40  main.o [1]
  .bss               zero     0x20000dcc    0x30  main.o [1]
  .bss               zero     0x20000dfc    0x14  main.o [1]
  .bss               zero     0x20000e10    0x10  fatfs_diskio_sdcard_spi.o [1]
  .bss               zero     0x20000e20     0x4  App.o [1]
  .bss               zero     0x20000e24     0x4  ff.o [1]
  .bss               zero     0x20000e28     0x4  stm32f1xx_hal.o [1]
  .bss               zero     0x20000e2c     0x2  ff.o [1]
  .bss               zero     0x20000e2e     0x1  App.o [1]
  .bss               zero     0x20000e2f     0x1  App.o [1]
  .bss               zero     0x20000e30     0x1  App.o [1]
  .bss               zero     0x20000e31     0x1  App.o [1]
  .bss               zero     0x20000e32     0x1  App.o [1]
  CSTACK                      0x20000e38   0x400  <Block>
    CSTACK           uninit   0x20000e38   0x400  <Block tail>
                            - 0x20001238  0x1238


*******************************************************************************
*** INIT TABLE
***

          Address     Size
          -------     ----
Zero (__iar_zero_init3)
    1 destination range, total size 0xe2f:
          0x20000004  0xe2f

Copy (__iar_copy_init3)
    1 source range, total size 0x4:
          0x08004784    0x4
    1 destination range, total size 0x4:
          0x20000000    0x4



*******************************************************************************
*** MODULE SUMMARY
***

    Module                     ro code  ro data  rw data
    ------                     -------  -------  -------
C:\Users\123\Desktop\GOVORILKA_NEW\GOVORILKA_NEW\EWARM\GOVORILKA_NEW\Obj: [1]
    App.o                          364        8    3 165
    fatfs_diskio_sdcard_spi.o    2 890                16
    ff.o                         5 430       16        6
    main.o                       1 238       60      440
    startup_stm32f100xb.o          460
    stm32f1xx_hal.o                116                 4
    stm32f1xx_hal_adc.o            756
    stm32f1xx_hal_cortex.o         358
    stm32f1xx_hal_dac.o            194
    stm32f1xx_hal_dac_ex.o         574
    stm32f1xx_hal_dma.o            768
    stm32f1xx_hal_gpio.o           784
    stm32f1xx_hal_msp.o            684       76
    stm32f1xx_hal_rcc.o          1 632       32
    stm32f1xx_hal_rcc_ex.o         268
    stm32f1xx_hal_spi_ex.o         126
    stm32f1xx_hal_tim.o            788
    stm32f1xx_hal_tim_ex.o          96
    stm32f1xx_it.o                 132
    system_stm32f1xx.o             112       20        4
    ----------------------------------------------------
    Total:                      17 770      212    3 635

command line: [2]
    ----------------------------------------------------
    Total:

dl7M_tlf.a: [3]
    exit.o                           4
    low_level_init.o                 4
    ----------------------------------------------------
    Total:                           8

m7M_tl.a: [4]
    ----------------------------------------------------
    Total:

rt7M_tl.a: [5]
    ABImemcpy_unaligned.o           86
    cexit.o                         10
    cmain.o                         26
    copy_init3.o                    46
    cstartup_M.o                    12
    data_init.o                     40
    zero_init3.o                    34
    ----------------------------------------------------
    Total:                         254

shb_l.a: [6]
    exit.o                          20
    ----------------------------------------------------
    Total:                          20

    Gaps                            12
    Linker created                           36    1 024
--------------------------------------------------------
    Grand Total:                18 064      248    4 659


*******************************************************************************
*** ENTRY LIST
***

Entry                      Address   Size  Type      Object
-----                      -------   ----  ----      ------
?main                   0x08004641         Code  Gb  cmain.o [5]
ADC_ConversionStop_Disable
                        0x08003d39   0x4a  Code  Gb  stm32f1xx_hal_adc.o [1]
AHBPrescTable           0x080046b4   0x10  Data  Gb  system_stm32f1xx.o [1]
Buff                    0x20000404  0x400  Data  Gb  App.o [1]
BusFault_Handler        0x0800447f    0x2  Code  Gb  stm32f1xx_it.o [1]
CSTACK$$Base            0x20000e38          --   Gb  - Linker created -
CSTACK$$Limit           0x20001238          --   Gb  - Linker created -
DAC_DMAConvCpltCh1      0x08003e09   0x12  Code  Gb  stm32f1xx_hal_dac.o [1]
DAC_DMAConvCpltCh2      0x08004439   0x12  Code  Gb  stm32f1xx_hal_dac_ex.o [1]
DAC_DMAErrorCh1         0x08003e2d   0x1a  Code  Gb  stm32f1xx_hal_dac.o [1]
DAC_DMAErrorCh2         0x0800445d   0x1a  Code  Gb  stm32f1xx_hal_dac_ex.o [1]
DAC_DMAHalfConvCpltCh1  0x08003e1d    0xe  Code  Gb  stm32f1xx_hal_dac.o [1]
DAC_DMAHalfConvCpltCh2  0x0800444d    0xe  Code  Gb  stm32f1xx_hal_dac_ex.o [1]
DMA1_Channel3_IRQHandler
                        0x08004495   0x44  Code  Gb  stm32f1xx_it.o [1]
DMA_HALF_TRASMMIT_COMPLETE
                        0x20000e30    0x1  Data  Gb  App.o [1]
DMA_SetConfig           0x08003315   0x2c  Code  Lc  stm32f1xx_hal_dma.o [1]
DMA_TRANSMMIT_COMPLETE  0x20000e2f    0x1  Data  Gb  App.o [1]
DebugMon_Handler        0x08004485    0x2  Code  Gb  stm32f1xx_it.o [1]
FATFS_Obj               0x20000804  0x230  Data  Gb  App.o [1]
FLAG_PLAY               0x20000e31    0x1  Data  Gb  App.o [1]
FatFs                   0x20000e24    0x4  Data  Lc  ff.o [1]
Fsid                    0x20000e2c    0x2  Data  Lc  ff.o [1]
HAL_ADC_ConfigChannel   0x08003bd9  0x14a  Code  Gb  stm32f1xx_hal_adc.o [1]
HAL_ADC_Init            0x08003a91  0x148  Code  Gb  stm32f1xx_hal_adc.o [1]
HAL_ADC_MspInit         0x08002e23   0x3a  Code  Gb  stm32f1xx_hal_msp.o [1]
HAL_DACEx_ConvCpltCallbackCh2
                        0x08004239    0x2  Code  Wk  stm32f1xx_hal_dac_ex.o [1]
HAL_DACEx_ConvHalfCpltCallbackCh2
                        0x0800423b    0x2  Code  Wk  stm32f1xx_hal_dac_ex.o [1]
HAL_DACEx_DMAUnderrunCallbackCh2
                        0x08004241    0x2  Code  Wk  stm32f1xx_hal_dac_ex.o [1]
HAL_DACEx_ErrorCallbackCh2
                        0x0800423d    0x2  Code  Wk  stm32f1xx_hal_dac_ex.o [1]
HAL_DAC_ConfigChannel   0x08003db7   0x52  Code  Gb  stm32f1xx_hal_dac.o [1]
HAL_DAC_ConvCpltCallbackCh1
                        0x08003db1    0x2  Code  Wk  stm32f1xx_hal_dac.o [1]
HAL_DAC_ConvHalfCpltCallbackCh1
                        0x08003db3    0x2  Code  Wk  stm32f1xx_hal_dac.o [1]
HAL_DAC_DMAUnderrunCallbackCh1
                        0x0800423f    0x2  Code  Wk  stm32f1xx_hal_dac_ex.o [1]
HAL_DAC_ErrorCallbackCh1
                        0x08003db5    0x2  Code  Wk  stm32f1xx_hal_dac.o [1]
HAL_DAC_IRQHandler      0x080043c7   0x72  Code  Gb  stm32f1xx_hal_dac_ex.o [1]
HAL_DAC_Init            0x08003d85   0x2c  Code  Gb  stm32f1xx_hal_dac.o [1]
HAL_DAC_MspInit         0x08002e5d   0xa2  Code  Gb  stm32f1xx_hal_msp.o [1]
HAL_DAC_Start_DMA       0x08004243  0x10c  Code  Gb  stm32f1xx_hal_dac_ex.o [1]
HAL_DAC_Stop_DMA        0x0800435d   0x6a  Code  Gb  stm32f1xx_hal_dac_ex.o [1]
HAL_DMA_Abort           0x08003151   0x36  Code  Gb  stm32f1xx_hal_dma.o [1]
HAL_DMA_IRQHandler      0x08003187  0x16a  Code  Gb  stm32f1xx_hal_dma.o [1]
HAL_DMA_Init            0x08003041   0x78  Code  Gb  stm32f1xx_hal_dma.o [1]
HAL_DMA_Start_IT        0x080030b9   0x98  Code  Gb  stm32f1xx_hal_dma.o [1]
HAL_Delay               0x08002bad   0x1e  Code  Wk  stm32f1xx_hal.o [1]
HAL_GPIO_Init           0x080021f1  0x2ba  Code  Gb  stm32f1xx_hal_gpio.o [1]
HAL_GPIO_WritePin       0x080024ab   0x14  Code  Gb  stm32f1xx_hal_gpio.o [1]
HAL_GetTick             0x08002ba7    0x6  Code  Wk  stm32f1xx_hal.o [1]
HAL_IncTick             0x08002b9b    0xc  Code  Wk  stm32f1xx_hal.o [1]
HAL_Init                0x08002b61   0x16  Code  Gb  stm32f1xx_hal.o [1]
HAL_InitTick            0x08002b77   0x24  Code  Wk  stm32f1xx_hal.o [1]
HAL_MspInit             0x08002d95   0x8e  Code  Gb  stm32f1xx_hal_msp.o [1]
HAL_NVIC_EnableIRQ      0x08002d2f    0xe  Code  Gb  stm32f1xx_hal_cortex.o [1]
HAL_NVIC_SetPriority    0x08002d09   0x26  Code  Gb  stm32f1xx_hal_cortex.o [1]
HAL_NVIC_SetPriorityGrouping
                        0x08002cfd    0xc  Code  Gb  stm32f1xx_hal_cortex.o [1]
HAL_RCCEx_PeriphCLKConfig
                        0x08003985   0xf6  Code  Gb  stm32f1xx_hal_rcc_ex.o [1]
HAL_RCC_ClockConfig     0x08002957  0x122  Code  Gb  stm32f1xx_hal_rcc.o [1]
HAL_RCC_GetHCLKFreq     0x08002af1    0x6  Code  Gb  stm32f1xx_hal_rcc.o [1]
HAL_RCC_GetSysClockFreq
                        0x08002a79   0x78  Code  Gb  stm32f1xx_hal_rcc.o [1]
HAL_RCC_OscConfig       0x08002501  0x456  Code  Gb  stm32f1xx_hal_rcc.o [1]
HAL_SPI_Init            0x08003e47   0x7e  Code  Gb  stm32f1xx_hal_spi_ex.o [1]
HAL_SPI_MspInit         0x08002eff   0xac  Code  Gb  stm32f1xx_hal_msp.o [1]
HAL_SYSTICK_CLKSourceConfig
                        0x08002d49   0x20  Code  Gb  stm32f1xx_hal_cortex.o [1]
HAL_SYSTICK_Callback    0x08002d91    0x2  Code  Wk  stm32f1xx_hal_cortex.o [1]
HAL_SYSTICK_Config      0x08002d3d    0xc  Code  Gb  stm32f1xx_hal_cortex.o [1]
HAL_SYSTICK_IRQHandler  0x08002d89    0x8  Code  Gb  stm32f1xx_hal_cortex.o [1]
HAL_TIMEx_BreakCallback
                        0x08004235    0x2  Code  Wk  stm32f1xx_hal_tim_ex.o [1]
HAL_TIMEx_CommutationCallback
                        0x08004233    0x2  Code  Wk  stm32f1xx_hal_tim_ex.o [1]
HAL_TIMEx_MasterConfigSynchronization
                        0x080041d9   0x5a  Code  Gb  stm32f1xx_hal_tim_ex.o [1]
HAL_TIM_Base_Init       0x08003ec5   0x38  Code  Gb  stm32f1xx_hal_tim.o [1]
HAL_TIM_Base_MspInit    0x08002fab   0x5a  Code  Gb  stm32f1xx_hal_msp.o [1]
HAL_TIM_Base_Start      0x08003efd   0x1e  Code  Gb  stm32f1xx_hal_tim.o [1]
HAL_TIM_Base_Stop       0x08003f1b   0x36  Code  Gb  stm32f1xx_hal_tim.o [1]
HAL_TIM_IC_CaptureCallback
                        0x0800411d    0x2  Code  Wk  stm32f1xx_hal_tim.o [1]
HAL_TIM_IRQHandler      0x08003fa3  0x176  Code  Gb  stm32f1xx_hal_tim.o [1]
HAL_TIM_OC_DelayElapsedCallback
                        0x0800411b    0x2  Code  Wk  stm32f1xx_hal_tim.o [1]
HAL_TIM_OnePulse_Init   0x08003f51   0x50  Code  Gb  stm32f1xx_hal_tim.o [1]
HAL_TIM_OnePulse_MspInit
                        0x08003fa1    0x2  Code  Wk  stm32f1xx_hal_tim.o [1]
HAL_TIM_PWM_PulseFinishedCallback
                        0x0800411f    0x2  Code  Wk  stm32f1xx_hal_tim.o [1]
HAL_TIM_PeriodElapsedCallback
                        0x08004119    0x2  Code  Wk  stm32f1xx_hal_tim.o [1]
HAL_TIM_TriggerCallback
                        0x08004121    0x2  Code  Wk  stm32f1xx_hal_tim.o [1]
HardFault_Handler       0x0800447b    0x2  Code  Gb  stm32f1xx_it.o [1]
MX_ADC1_Init            0x08003433   0x7c  Code  Lc  main.o [1]
MX_DAC_Init             0x080034af   0x58  Code  Lc  main.o [1]
MX_DMA_Init             0x08003695   0x2c  Code  Lc  main.o [1]
MX_GPIO_Init            0x080036c1   0xfe  Code  Lc  main.o [1]
MX_SPI1_Init            0x08003507   0x64  Code  Lc  main.o [1]
MX_SPI2_Init            0x0800356b   0x64  Code  Lc  main.o [1]
MX_TIM6_Init            0x080035cf   0x56  Code  Lc  main.o [1]
MX_TIM7_Init            0x08003629   0x6c  Code  Lc  main.o [1]
MemManage_Handler       0x0800447d    0x2  Code  Gb  stm32f1xx_it.o [1]
NMI_Handler             0x08004479    0x2  Code  Gb  stm32f1xx_it.o [1]
NVIC_EnableIRQ          0x08002c55   0x14  Code  Lc  stm32f1xx_hal_cortex.o [1]
NVIC_EncodePriority     0x08002c8f   0x3e  Code  Lc  stm32f1xx_hal_cortex.o [1]
NVIC_GetPriorityGrouping
                        0x08002c4b    0xa  Code  Lc  stm32f1xx_hal_cortex.o [1]
NVIC_SetPriority        0x08002c69   0x26  Code  Lc  stm32f1xx_hal_cortex.o [1]
NVIC_SetPriorityGrouping
                        0x08002c2d   0x1e  Code  Lc  stm32f1xx_hal_cortex.o [1]
PendSV_Handler          0x08004487    0x2  Code  Gb  stm32f1xx_it.o [1]
Play_1_file             0x08003819  0x11e  Code  Gb  App.o [1]
RCC_Delay               0x08002af7   0x26  Code  Lc  stm32f1xx_hal_rcc.o [1]
Region$$Table$$Base     0x0800461c          --   Gb  - Linker created -
Region$$Table$$Limit    0x08004640          --   Gb  - Linker created -
SVC_Handler             0x08004483    0x2  Code  Gb  stm32f1xx_it.o [1]
Sound_buff              0x20000004  0x400  Data  Gb  App.o [1]
SysTick_Config          0x08002ccd   0x30  Code  Lc  stm32f1xx_hal_cortex.o [1]
SysTick_Handler         0x08004489    0xc  Code  Gb  stm32f1xx_it.o [1]
SystemClock_Config      0x0800338b   0xa8  Code  Gb  main.o [1]
SystemCoreClock         0x20000000    0x4  Data  Gb  system_stm32f1xx.o [1]
SystemInit              0x080044fd   0x54  Code  Gb  system_stm32f1xx.o [1]
TIM6_DAC_IRQHandler     0x080044d9   0x10  Code  Gb  stm32f1xx_it.o [1]
TIM_Base_SetConfig      0x08004123   0x9e  Code  Gb  stm32f1xx_hal_tim.o [1]
UsageFault_Handler      0x08004481    0x2  Code  Gb  stm32f1xx_it.o [1]
_Error_Handler          0x08003815    0x2  Code  Gb  main.o [1]
__cmain                 0x08004641         Code  Gb  cmain.o [5]
__exit                  0x08004671   0x14  Code  Gb  exit.o [6]
__iar_copy_init3        0x08001657   0x2e  Code  Gb  copy_init3.o [5]
__iar_data_init3        0x080045f5   0x28  Code  Gb  data_init.o [5]
__iar_program_start     0x080046d5         Code  Gb  cstartup_M.o [5]
__iar_unaligned___aeabi_memcpy4
                        0x08002bd5         Code  Gb  ABImemcpy_unaligned.o [5]
__iar_unaligned___aeabi_memcpy8
                        0x08002bd5         Code  Gb  ABImemcpy_unaligned.o [5]
__iar_zero_init3        0x080021cf   0x22  Code  Gb  zero_init3.o [5]
__low_level_init        0x0800465b    0x4  Code  Gb  low_level_init.o [3]
__vector_table          0x08000000         Data  Gb  startup_stm32f100xb.o [1]
_call_main              0x0800464d         Code  Gb  cmain.o [5]
_exit                   0x08004665         Code  Gb  cexit.o [5]
_main                   0x08004657         Code  Gb  cmain.o [5]
check_fs                0x08000c47   0x7e  Code  Lc  ff.o [1]
chk_chr                 0x08000177   0x14  Code  Lc  ff.o [1]
clust2sect              0x080002ed   0x1a  Code  Gb  ff.o [1]
crc16                   0x08001707   0x26  Code  Gb  fatfs_diskio_sdcard_spi.o [1]
crc16_ccitt             0x080016e1   0x26  Code  Lc  fatfs_diskio_sdcard_spi.o [1]
crc7_one                0x080016c1   0x20  Code  Lc  fatfs_diskio_sdcard_spi.o [1]
create_chain            0x080005df   0xe0  Code  Lc  ff.o [1]
create_name             0x08000a03  0x17c  Code  Lc  ff.o [1]
dir_alloc               0x080008b1   0x66  Code  Lc  ff.o [1]
dir_find                0x08000957   0x68  Code  Lc  ff.o [1]
dir_next                0x08000775  0x13c  Code  Lc  ff.o [1]
dir_register            0x080009bf   0x44  Code  Lc  ff.o [1]
dir_sdi                 0x080006bf   0xb6  Code  Lc  ff.o [1]
disk_initialize         0x080020b7   0x16  Code  Gb  fatfs_diskio_sdcard_spi.o [1]
disk_ioctl              0x08002157   0x3a  Code  Gb  fatfs_diskio_sdcard_spi.o [1]
disk_read               0x080020df   0x3c  Code  Gb  fatfs_diskio_sdcard_spi.o [1]
disk_status             0x080020cd   0x12  Code  Gb  fatfs_diskio_sdcard_spi.o [1]
disk_write              0x0800211b   0x3c  Code  Gb  fatfs_diskio_sdcard_spi.o [1]
exit                    0x0800465f    0x4  Code  Gb  exit.o [3]
f_close                 0x0800163b   0x1c  Code  Gb  ff.o [1]
f_mount                 0x08001141   0x5c  Code  Gb  ff.o [1]
f_open                  0x080011b9  0x18c  Code  Gb  ff.o [1]
f_read                  0x08001345  0x240  Code  Gb  ff.o [1]
f_sync                  0x08001585   0xb6  Code  Gb  ff.o [1]
file                    0x20000a34  0x224  Data  Gb  App.o [1]
find_volume             0x08000cc5  0x442  Code  Lc  ff.o [1]
follow_path             0x08000bb7   0x90  Code  Lc  ff.o [1]
get_fat                 0x08000307   0xfe  Code  Gb  ff.o [1]
get_fattime             0x080021ad   0x22  Code  Gb  fatfs_diskio_sdcard_spi.o [1]
get_ldnumber            0x08000b7f   0x38  Code  Lc  ff.o [1]
hadc1                   0x20000dcc   0x30  Data  Gb  main.o [1]
hdac                    0x20000dfc   0x14  Data  Gb  main.o [1]
hdma_dac_ch1            0x20000d08   0x44  Data  Gb  main.o [1]
hspi1                   0x20000c58   0x58  Data  Gb  main.o [1]
hspi2                   0x20000cb0   0x58  Data  Gb  main.o [1]
htim6                   0x20000d4c   0x40  Data  Gb  main.o [1]
htim7                   0x20000d8c   0x40  Data  Gb  main.o [1]
hw                      0x20000e10   0x10  Data  Gb  fatfs_diskio_sdcard_spi.o [1]
hwif_init               0x08001fcd   0x52  Code  Gb  fatfs_diskio_sdcard_spi.o [1]
interrupt_play          0x08003937   0x1e  Code  Gb  App.o [1]
ld_clust                0x08000917   0x28  Code  Lc  ff.o [1]
main                    0x08003341   0x4a  Code  Gb  main.o [1]
mem_cmp                 0x08000153   0x24  Code  Lc  ff.o [1]
mem_cpy                 0x08000121   0x1c  Code  Lc  ff.o [1]
mem_set                 0x0800013d   0x16  Code  Lc  ff.o [1]
move_window             0x080001df   0x36  Code  Lc  ff.o [1]
nRead                   0x20000e20    0x4  Data  Gb  App.o [1]
print_r1                0x08001851    0xe  Code  Lc  fatfs_diskio_sdcard_spi.o [1]
print_r2                0x0800185f    0xe  Code  Lc  fatfs_diskio_sdcard_spi.o [1]
put_fat                 0x08000405  0x164  Code  Gb  ff.o [1]
remove_chain            0x08000569   0x76  Code  Lc  ff.o [1]
result                  0x20000e2e    0x1  Data  Gb  App.o [1]
sd_cmd                  0x0800172d   0x86  Code  Lc  fatfs_diskio_sdcard_spi.o [1]
sd_get_data             0x08001bad   0x82  Code  Lc  fatfs_diskio_sdcard_spi.o [1]
sd_get_r1               0x080017b3   0x24  Code  Lc  fatfs_diskio_sdcard_spi.o [1]
sd_get_r2               0x080017d7   0x34  Code  Lc  fatfs_diskio_sdcard_spi.o [1]
sd_get_r7               0x0800180b   0x46  Code  Lc  fatfs_diskio_sdcard_spi.o [1]
sd_init                 0x08001883  0x2dc  Code  Lc  fatfs_diskio_sdcard_spi.o [1]
sd_nec                  0x0800186d   0x16  Code  Lc  fatfs_diskio_sdcard_spi.o [1]
sd_put_data             0x08001c2f   0xb2  Code  Lc  fatfs_diskio_sdcard_spi.o [1]
sd_read                 0x0800201f   0x4c  Code  Gb  fatfs_diskio_sdcard_spi.o [1]
sd_read_cid             0x08001e0d   0x80  Code  Lc  fatfs_diskio_sdcard_spi.o [1]
sd_read_csd             0x08001ce1  0x12c  Code  Lc  fatfs_diskio_sdcard_spi.o [1]
sd_read_status          0x08001b5f   0x4e  Code  Lc  fatfs_diskio_sdcard_spi.o [1]
sd_readsector           0x08001e8d   0x9e  Code  Lc  fatfs_diskio_sdcard_spi.o [1]
sd_write                0x0800206b   0x4c  Code  Gb  fatfs_diskio_sdcard_spi.o [1]
sd_writesector          0x08001f2b   0xa2  Code  Lc  fatfs_diskio_sdcard_spi.o [1]
spi_txrx                0x08001685   0x3c  Code  Lc  fatfs_diskio_sdcard_spi.o [1]
st_clust                0x0800093f   0x18  Code  Lc  ff.o [1]
sync_fs                 0x08000215   0xd8  Code  Lc  ff.o [1]
sync_window             0x0800018b   0x54  Code  Lc  ff.o [1]
uwTick                  0x20000e28    0x4  Data  Gb  stm32f1xx_hal.o [1]
validate                0x08001107   0x3a  Code  Lc  ff.o [1]


[1] = C:\Users\123\Desktop\GOVORILKA_NEW\GOVORILKA_NEW\EWARM\GOVORILKA_NEW\Obj
[2] = command line
[3] = dl7M_tlf.a
[4] = m7M_tl.a
[5] = rt7M_tl.a
[6] = shb_l.a

  18 064 bytes of readonly  code memory
     248 bytes of readonly  data memory
   4 659 bytes of readwrite data memory

Errors: none
Warnings: none
